gplink-1.4.0 #1107 (Jan  1 2021)
Copyright (c) 1998-2014 gputils project
Listing File Generated: 1-10-2024  21:12:21
 
 
Address  Value    Disassembly              Source
-------  -----    -----------              ------
                                           ;--------------------------------------------------------
                                           ; File Created by SDCC : free open source ANSI-C Compiler
                                           ; Version 4.0.0 #11528 (Linux)
                                           ;--------------------------------------------------------
                                           ; PIC port for the 14-bit core
                                           ;--------------------------------------------------------
                                           ;	.file	"bingo.c"
                                           	list	p=12f683
                                           	radix dec
                                           	include "p12f683.inc"
                                                   LIST
                                           
                                           ;==========================================================================
                                           ; Build date : Aug 07 2014
                                           ;  MPASM PIC12F683 processor include
                                           ; 
                                           ;  (c) Copyright 1999-2014 Microchip Technology, All rights reserved
                                           ;==========================================================================
                                           
                                                   NOLIST
                                           ;--------------------------------------------------------
                                           ; config word(s)
                                           ;--------------------------------------------------------
002007   3fd7     addlw   0xd7             	__config 0x3fd7
                                           ;--------------------------------------------------------
                                           ; external declarations
                                           ;--------------------------------------------------------
                                           	extern	__moduint
                                           	extern	__divsint
                                           	extern	__modsint
                                           	extern	_ANSEL
                                           	extern	_TRISIO
                                           	extern	_GPIO
                                           	extern	_GPIObits
                                           	extern	__sdcc_gsinit_startup
                                           ;--------------------------------------------------------
                                           ; global declarations
                                           ;--------------------------------------------------------
                                           	global	_main
                                           	global	_final
                                           	global	_limpiar
                                           	global	_generateRandomNumber
                                           	global	_num_decenas
                                           	global	_num_unidades
                                           	global	_delay
                                           	global	_counter
                                           
                                           	global PSAVE
                                           	global SSAVE
                                           	global WSAVE
                                           	global STK12
                                           	global STK11
                                           	global STK10
                                           	global STK09
                                           	global STK08
                                           	global STK07
                                           	global STK06
                                           	global STK05
                                           	global STK04
                                           	global STK03
                                           	global STK02
                                           	global STK01
                                           	global STK00
                                           
                                           sharebank udata_ovr 0x0070
                                           PSAVE	res 1
                                           SSAVE	res 1
                                           WSAVE	res 1
                                           STK12	res 1
                                           STK11	res 1
                                           STK10	res 1
                                           STK09	res 1
                                           STK08	res 1
                                           STK07	res 1
                                           STK06	res 1
                                           STK05	res 1
                                           STK04	res 1
                                           STK03	res 1
                                           STK02	res 1
                                           STK01	res 1
                                           STK00	res 1
                                           
                                           ;--------------------------------------------------------
                                           ; global definitions
                                           ;--------------------------------------------------------
                                           ;--------------------------------------------------------
                                           ; absolute symbol definitions
                                           ;--------------------------------------------------------
                                           ;--------------------------------------------------------
                                           ; compiler-defined variables
                                           ;--------------------------------------------------------
                                           UDL_bingo_0	udata
                                           r0x101E	res	1
                                           r0x101D	res	1
                                           r0x101F	res	1
                                           r0x1020	res	1
                                           r0x1021	res	1
                                           r0x1022	res	1
                                           r0x1023	res	1
                                           r0x1024	res	1
                                           r0x1025	res	1
                                           r0x1026	res	1
                                           r0x1027	res	1
                                           r0x1028	res	1
                                           r0x1029	res	1
                                           r0x102A	res	1
                                           r0x102B	res	1
                                           r0x102C	res	1
                                           r0x102D	res	1
                                           r0x102E	res	1
                                           r0x102F	res	1
                                           r0x1030	res	1
                                           r0x1031	res	1
                                           r0x1032	res	1
                                           r0x1033	res	1
                                           r0x1034	res	1
                                           r0x1035	res	1
                                           r0x1036	res	1
                                           r0x1037	res	1
                                           r0x1038	res	1
                                           r0x1039	res	1
                                           r0x103A	res	1
                                           r0x103B	res	1
                                           r0x103C	res	1
                                           r0x103D	res	1
                                           r0x103E	res	1
                                           _main_arreglo_65537_18	res	20
                                           _main_sloc0_1_0	res	1
                                           _main_sloc1_1_0	res	1
                                           _main_sloc2_1_0	res	1
                                           _main_sloc3_1_0	res	1
                                           _main_sloc4_1_0	res	1
                                           _main_sloc5_1_0	res	1
                                           _main_sloc6_1_0	res	1
                                           ;--------------------------------------------------------
                                           ; initialized data
                                           ;--------------------------------------------------------
                                           
                                           IDD_bingo_0	idata
                                           _counter
                                           	db	0x00, 0x00	; 0
                                           
                                           ;--------------------------------------------------------
                                           ; initialized absolute data
                                           ;--------------------------------------------------------
                                           ;--------------------------------------------------------
                                           ; overlayable items in internal ram 
                                           ;--------------------------------------------------------
                                           ;	udata_ovr
                                           ;--------------------------------------------------------
                                           ; reset vector 
                                           ;--------------------------------------------------------
                                           STARTUP	code 0x0000
000000   0000     nop                      	nop
                                           	pagesel __sdcc_gsinit_startup
000001   29fa     goto    0x01fa           	goto	__sdcc_gsinit_startup
                                           ;--------------------------------------------------------
                                           ; code
                                           ;--------------------------------------------------------
                                           code_bingo	code
                                           ;***
                                           ;  pBlock Stats: dbName = M
                                           ;***
                                           ;has an exit
                                           ;functions called:
                                           ;   _delay
                                           ;   _delay
                                           ;   _delay
                                           ;   _generateRandomNumber
                                           ;   _num_unidades
                                           ;   _num_decenas
                                           ;   _delay
                                           ;   _limpiar
                                           ;   _delay
                                           ;   _limpiar
                                           ;   _final
                                           ;   _limpiar
                                           ;   _delay
                                           ;   _delay
                                           ;   _delay
                                           ;   _generateRandomNumber
                                           ;   _num_unidades
                                           ;   _num_decenas
                                           ;   _delay
                                           ;   _limpiar
                                           ;   _delay
                                           ;   _limpiar
                                           ;   _final
                                           ;   _limpiar
                                           ;24 compiler assigned registers:
                                           ;   r0x1028
                                           ;   r0x1029
                                           ;   r0x102A
                                           ;   r0x102B
                                           ;   r0x102C
                                           ;   r0x102D
                                           ;   STK00
                                           ;   r0x102E
                                           ;   r0x102F
                                           ;   r0x1030
                                           ;   r0x1031
                                           ;   r0x1032
                                           ;   r0x1033
                                           ;   r0x1034
                                           ;   r0x1035
                                           ;   r0x1036
                                           ;   r0x1037
                                           ;   r0x1038
                                           ;   r0x1039
                                           ;   r0x103A
                                           ;   r0x103B
                                           ;   r0x103C
                                           ;   r0x103D
                                           ;   r0x103E
                                           ;; Starting pCode block
                                           S_bingo__main	code
                                           _main:
                                           ; 2 exit points
                                           ;	.line	77; "bingo.c"	TRISIO = 0b00001000; //Poner todos los pines como salidas
000002   3008     movlw   0x08             	MOVLW	0x08
000003   1683     bsf     0x03, 0x5        	BANKSEL	_TRISIO
000004   0085     movwf   0x05             	MOVWF	_TRISIO
                                           ;	.line	78; "bingo.c"	GPIO = 0x00; //Poner pines en bajo
000005   1283     bcf     0x03, 0x5        	BANKSEL	_GPIO
000006   0185     clrf    0x05             	CLRF	_GPIO
                                           ;	.line	79; "bingo.c"	ANSEL = 0b00001000; // Set GP3 as digital input
000007   3008     movlw   0x08             	MOVLW	0x08
000008   1683     bsf     0x03, 0x5        	BANKSEL	_ANSEL
000009   009f     movwf   0x1f             	MOVWF	_ANSEL
                                           ;	.line	82; "bingo.c"	int inicio = 0;
00000a   1283     bcf     0x03, 0x5        	BANKSEL	r0x1028
00000b   01ab     clrf    0x2b             	CLRF	r0x1028
00000c   01ac     clrf    0x2c             	CLRF	r0x1029
                                           ;	.line	86; "bingo.c"	int b0u, b1u, b2u, b3u, b0d, b1d, b2d, b3d = 0;
00000d   01ad     clrf    0x2d             	CLRF	r0x102A
00000e   01ae     clrf    0x2e             	CLRF	r0x102B
                                           ;	.line	88; "bingo.c"	int j = 0; // Contador
00000f   01af     clrf    0x2f             	CLRF	r0x102C
000010   01b0     clrf    0x30             	CLRF	r0x102D
                                           ;	.line	90; "bingo.c"	delay(5); // Delay para evitar cargar valores erroneos
000011   3005     movlw   0x05             	MOVLW	0x05
000012   00ff     movwf   0x7f             	MOVWF	STK00
000013   3000     movlw   0x00             	MOVLW	0x00
                                           	PAGESEL	_delay
000014   247d     call    0x047d           	CALL	_delay
                                           	PAGESEL	$
                                           _00200_DS_:
                                           ;	.line	97; "bingo.c"	if (inicio == 0 && GP3 == 1) {
000015   1283     bcf     0x03, 0x5        	BANKSEL	r0x1029
000016   082c     movf    0x2c, 0x0        	MOVF	r0x1029,W
000017   042b     iorwf   0x2b, 0x0        	IORWF	r0x1028,W
000018   1d03     btfss   0x03, 0x2        	BTFSS	STATUS,2
000019   284a     goto    0x004a           	GOTO	_00196_DS_
00001a   01b1     clrf    0x31             	CLRF	r0x102E
00001b   1283     bcf     0x03, 0x5        	BANKSEL	_GPIObits
00001c   1d85     btfss   0x05, 0x3        	BTFSS	_GPIObits,3
00001d   2820     goto    0x0020           	GOTO	_00001_DS_
00001e   1283     bcf     0x03, 0x5        	BANKSEL	r0x102E
00001f   0ab1     incf    0x31, 0x1        	INCF	r0x102E,F
                                           _00001_DS_:
000020   1283     bcf     0x03, 0x5        	BANKSEL	r0x102E
000021   0831     movf    0x31, 0x0        	MOVF	r0x102E,W
000022   3a01     xorlw   0x01             	XORLW	0x01
000023   1d03     btfss   0x03, 0x2        	BTFSS	STATUS,2
000024   284a     goto    0x004a           	GOTO	_00196_DS_
                                           ;	.line	99; "bingo.c"	GP0 = 0x00;
000025   1283     bcf     0x03, 0x5        	BANKSEL	_GPIObits
000026   1005     bcf     0x05, 0x0        	BCF	_GPIObits,0
                                           ;	.line	100; "bingo.c"	GP1 = 0x00;
000027   1085     bcf     0x05, 0x1        	BCF	_GPIObits,1
                                           ;	.line	101; "bingo.c"	GP2 = 0x00;
000028   1105     bcf     0x05, 0x2        	BCF	_GPIObits,2
                                           ;	.line	102; "bingo.c"	GP4 = 0x00;
000029   1205     bcf     0x05, 0x4        	BCF	_GPIObits,4
                                           ;	.line	103; "bingo.c"	GP5 = 0x01; // Encender unidades
00002a   1685     bsf     0x05, 0x5        	BSF	_GPIObits,5
                                           ;	.line	104; "bingo.c"	delay(100);
00002b   3064     movlw   0x64             	MOVLW	0x64
00002c   00ff     movwf   0x7f             	MOVWF	STK00
00002d   3000     movlw   0x00             	MOVLW	0x00
                                           	PAGESEL	_delay
00002e   247d     call    0x047d           	CALL	_delay
                                           	PAGESEL	$
                                           ;	.line	105; "bingo.c"	GP5 = ~GP5; // Encender decenas
00002f   1283     bcf     0x03, 0x5        	BANKSEL	r0x102E
000030   01b1     clrf    0x31             	CLRF	r0x102E
000031   1283     bcf     0x03, 0x5        	BANKSEL	_GPIObits
000032   1e85     btfss   0x05, 0x5        	BTFSS	_GPIObits,5
000033   2836     goto    0x0036           	GOTO	_00002_DS_
000034   1283     bcf     0x03, 0x5        	BANKSEL	r0x102E
000035   0ab1     incf    0x31, 0x1        	INCF	r0x102E,F
                                           _00002_DS_:
000036   1283     bcf     0x03, 0x5        	BANKSEL	r0x102E
000037   0931     comf    0x31, 0x0        	COMF	r0x102E,W
000038   00b1     movwf   0x31             	MOVWF	r0x102E
000039   0c31     rrf     0x31, 0x0        	RRF	r0x102E,W
00003a   1803     btfsc   0x03, 0x0        	BTFSC	STATUS,0
00003b   283e     goto    0x003e           	GOTO	_00003_DS_
00003c   1283     bcf     0x03, 0x5        	BANKSEL	_GPIObits
00003d   1285     bcf     0x05, 0x5        	BCF	_GPIObits,5
                                           _00003_DS_:
00003e   1c03     btfss   0x03, 0x0        	BTFSS	STATUS,0
00003f   2842     goto    0x0042           	GOTO	_00004_DS_
000040   1283     bcf     0x03, 0x5        	BANKSEL	_GPIObits
000041   1685     bsf     0x05, 0x5        	BSF	_GPIObits,5
                                           _00004_DS_:
                                           ;	.line	106; "bingo.c"	delay(100);
000042   3064     movlw   0x64             	MOVLW	0x64
000043   00ff     movwf   0x7f             	MOVWF	STK00
000044   3000     movlw   0x00             	MOVLW	0x00
                                           	PAGESEL	_delay
000045   247d     call    0x047d           	CALL	_delay
                                           	PAGESEL	$
                                           ;	.line	107; "bingo.c"	j = 0;
000046   1283     bcf     0x03, 0x5        	BANKSEL	r0x102C
000047   01af     clrf    0x2f             	CLRF	r0x102C
000048   01b0     clrf    0x30             	CLRF	r0x102D
000049   2815     goto    0x0015           	GOTO	_00200_DS_
                                           _00196_DS_:
                                           ;	.line	110; "bingo.c"	if (j == 0) {
00004a   1283     bcf     0x03, 0x5        	BANKSEL	r0x102D
00004b   0830     movf    0x30, 0x0        	MOVF	r0x102D,W
00004c   042f     iorwf   0x2f, 0x0        	IORWF	r0x102C,W
00004d   1d03     btfss   0x03, 0x2        	BTFSS	STATUS,2
00004e   2852     goto    0x0052           	GOTO	_00173_DS_
                                           ;	.line	111; "bingo.c"	inicio = 1; // El juego ha iniciado
00004f   3001     movlw   0x01             	MOVLW	0x01
000050   00ab     movwf   0x2b             	MOVWF	r0x1028
000051   01ac     clrf    0x2c             	CLRF	r0x1029
                                           _00173_DS_:
                                           ;	.line	114; "bingo.c"	if (GP3 != 0) {
000052   1283     bcf     0x03, 0x5        	BANKSEL	_GPIObits
000053   1d85     btfss   0x05, 0x3        	BTFSS	_GPIObits,3
000054   2859     goto    0x0059           	GOTO	_00175_DS_
                                           ;	.line	116; "bingo.c"	sig_num = 0; // No se requiere el siguiente numero
000055   1283     bcf     0x03, 0x5        	BANKSEL	r0x102E
000056   01b1     clrf    0x31             	CLRF	r0x102E
000057   01b2     clrf    0x32             	CLRF	r0x102F
000058   285d     goto    0x005d           	GOTO	_00176_DS_
                                           _00175_DS_:
                                           ;	.line	120; "bingo.c"	sig_num = 1; // Se requiere el siguiente numero
000059   3001     movlw   0x01             	MOVLW	0x01
00005a   1283     bcf     0x03, 0x5        	BANKSEL	r0x102E
00005b   00b1     movwf   0x31             	MOVWF	r0x102E
00005c   01b2     clrf    0x32             	CLRF	r0x102F
                                           _00176_DS_:
                                           ;	.line	123; "bingo.c"	if (sig_num == 1) {
00005d   1283     bcf     0x03, 0x5        	BANKSEL	r0x1030
00005e   01b3     clrf    0x33             	CLRF	r0x1030
00005f   0831     movf    0x31, 0x0        	MOVF	r0x102E,W
000060   3a01     xorlw   0x01             	XORLW	0x01
000061   1d03     btfss   0x03, 0x2        	BTFSS	STATUS,2
000062   2867     goto    0x0067           	GOTO	_00280_DS_
000063   0832     movf    0x32, 0x0        	MOVF	r0x102F,W
000064   3a00     xorlw   0x00             	XORLW	0x00
000065   1903     btfsc   0x03, 0x2        	BTFSC	STATUS,2
000066   0ab3     incf    0x33, 0x1        	INCF	r0x1030,F
                                           _00280_DS_:
000067   1283     bcf     0x03, 0x5        	BANKSEL	r0x1030
000068   0833     movf    0x33, 0x0        	MOVF	r0x1030,W
000069   1903     btfsc   0x03, 0x2        	BTFSC	STATUS,2
00006a   296c     goto    0x016c           	GOTO	_00190_DS_
                                           ;;signed compare: left < lit(0xA=10), size=2, mask=ffff
                                           ;	.line	124; "bingo.c"	while (j < 10) {
00006b   0830     movf    0x30, 0x0        	MOVF	r0x102D,W
00006c   3e80     addlw   0x80             	ADDLW	0x80
00006d   3e80     addlw   0x80             	ADDLW	0x80
00006e   1d03     btfss   0x03, 0x2        	BTFSS	STATUS,2
00006f   2872     goto    0x0072           	GOTO	_00281_DS_
000070   300a     movlw   0x0a             	MOVLW	0x0a
000071   022f     subwf   0x2f, 0x0        	SUBWF	r0x102C,W
                                           _00281_DS_:
000072   1803     btfsc   0x03, 0x0        	BTFSC	STATUS,0
000073   296c     goto    0x016c           	GOTO	_00190_DS_
                                           ;;genSkipc:3307: created from rifx:0x7fff4d4f0ca0
                                           ;	.line	125; "bingo.c"	for (int i = 0; i < 10; ++i) {
000074   1283     bcf     0x03, 0x5        	BANKSEL	r0x102E
000075   01b1     clrf    0x31             	CLRF	r0x102E
000076   01b2     clrf    0x32             	CLRF	r0x102F
000077   01b4     clrf    0x34             	CLRF	r0x1031
000078   01b5     clrf    0x35             	CLRF	r0x1032
                                           ;;signed compare: left < lit(0xA=10), size=2, mask=ffff
                                           _00203_DS_:
000079   1283     bcf     0x03, 0x5        	BANKSEL	r0x102F
00007a   0832     movf    0x32, 0x0        	MOVF	r0x102F,W
00007b   3e80     addlw   0x80             	ADDLW	0x80
00007c   3e80     addlw   0x80             	ADDLW	0x80
00007d   1d03     btfss   0x03, 0x2        	BTFSS	STATUS,2
00007e   2881     goto    0x0081           	GOTO	_00282_DS_
00007f   300a     movlw   0x0a             	MOVLW	0x0a
000080   0231     subwf   0x31, 0x0        	SUBWF	r0x102E,W
                                           _00282_DS_:
000081   1803     btfsc   0x03, 0x0        	BTFSC	STATUS,0
000082   28a3     goto    0x00a3           	GOTO	_00177_DS_
                                           ;;genSkipc:3307: created from rifx:0x7fff4d4f0ca0
                                           ;	.line	126; "bingo.c"	arreglo[i] = -1; // Inicializar el arreglo con -1 (porque este numero no puede salir)
000083   1283     bcf     0x03, 0x5        	BANKSEL	r0x1031
000084   0834     movf    0x34, 0x0        	MOVF	r0x1031,W
000085   3e42     addlw   0x42             	ADDLW	(_main_arreglo_65537_18 + 0)
000086   00b6     movwf   0x36             	MOVWF	r0x1033
000087   3000     movlw   0x00             	MOVLW	high (_main_arreglo_65537_18 + 0)
000088   00b7     movwf   0x37             	MOVWF	r0x1034
000089   0835     movf    0x35, 0x0        	MOVF	r0x1032,W
00008a   1803     btfsc   0x03, 0x0        	BTFSC	STATUS,0
00008b   0f35     incfsz  0x35, 0x0        	INCFSZ	r0x1032,W
00008c   07b7     addwf   0x37, 0x1        	ADDWF	r0x1034,F
00008d   0836     movf    0x36, 0x0        	MOVF	r0x1033,W
00008e   1283     bcf     0x03, 0x5        	BANKSEL	FSR
00008f   0084     movwf   0x04             	MOVWF	FSR
000090   1383     bcf     0x03, 0x7        	BCF	STATUS,7
000091   1283     bcf     0x03, 0x5        	BANKSEL	r0x1034
000092   1837     btfsc   0x37, 0x0        	BTFSC	r0x1034,0
000093   1783     bsf     0x03, 0x7        	BSF	STATUS,7
000094   30ff     movlw   0xff             	MOVLW	0xff
000095   1283     bcf     0x03, 0x5        	BANKSEL	INDF
000096   0080     movwf   0x00             	MOVWF	INDF
000097   0a84     incf    0x04, 0x1        	INCF	FSR,F
000098   30ff     movlw   0xff             	MOVLW	0xff
000099   0080     movwf   0x00             	MOVWF	INDF
                                           ;	.line	125; "bingo.c"	for (int i = 0; i < 10; ++i) {
00009a   3002     movlw   0x02             	MOVLW	0x02
00009b   1283     bcf     0x03, 0x5        	BANKSEL	r0x1031
00009c   07b4     addwf   0x34, 0x1        	ADDWF	r0x1031,F
00009d   1803     btfsc   0x03, 0x0        	BTFSC	STATUS,0
00009e   0ab5     incf    0x35, 0x1        	INCF	r0x1032,F
00009f   0ab1     incf    0x31, 0x1        	INCF	r0x102E,F
0000a0   1903     btfsc   0x03, 0x2        	BTFSC	STATUS,2
0000a1   0ab2     incf    0x32, 0x1        	INCF	r0x102F,F
0000a2   2879     goto    0x0079           	GOTO	_00203_DS_
                                           _00177_DS_:
                                           ;	.line	130; "bingo.c"	while (indice < 1) {
0000a3   1283     bcf     0x03, 0x5        	BANKSEL	r0x102E
0000a4   01b1     clrf    0x31             	CLRF	r0x102E
0000a5   01b2     clrf    0x32             	CLRF	r0x102F
0000a6   01b4     clrf    0x34             	CLRF	r0x1031
0000a7   01b5     clrf    0x35             	CLRF	r0x1032
                                           ;;signed compare: left < lit(0x1=1), size=2, mask=ffff
                                           _00183_DS_:
0000a8   1283     bcf     0x03, 0x5        	BANKSEL	r0x102F
0000a9   0832     movf    0x32, 0x0        	MOVF	r0x102F,W
0000aa   3e80     addlw   0x80             	ADDLW	0x80
0000ab   3e80     addlw   0x80             	ADDLW	0x80
0000ac   1d03     btfss   0x03, 0x2        	BTFSS	STATUS,2
0000ad   28b0     goto    0x00b0           	GOTO	_00283_DS_
0000ae   3001     movlw   0x01             	MOVLW	0x01
0000af   0231     subwf   0x31, 0x0        	SUBWF	r0x102E,W
                                           _00283_DS_:
0000b0   1803     btfsc   0x03, 0x0        	BTFSC	STATUS,0
0000b1   291c     goto    0x011c           	GOTO	_00185_DS_
                                           ;;genSkipc:3307: created from rifx:0x7fff4d4f0ca0
                                           ;	.line	131; "bingo.c"	unsigned int num_generado = generateRandomNumber();
                                           	PAGESEL	_generateRandomNumber
0000b2   24a8     call    0x04a8           	CALL	_generateRandomNumber
                                           	PAGESEL	$
0000b3   1283     bcf     0x03, 0x5        	BANKSEL	r0x1034
0000b4   00b7     movwf   0x37             	MOVWF	r0x1034
0000b5   087f     movf    0x7f, 0x0        	MOVF	STK00,W
0000b6   00b6     movwf   0x36             	MOVWF	r0x1033
                                           ;	.line	132; "bingo.c"	int duplicado = 0;
0000b7   01b8     clrf    0x38             	CLRF	r0x1035
0000b8   01b9     clrf    0x39             	CLRF	r0x1036
                                           ;	.line	135; "bingo.c"	for (int i = 0; i < 10; ++i) {
0000b9   01ba     clrf    0x3a             	CLRF	r0x1037
0000ba   01bb     clrf    0x3b             	CLRF	r0x1038
0000bb   01bc     clrf    0x3c             	CLRF	r0x1039
0000bc   01bd     clrf    0x3d             	CLRF	r0x103A
                                           ;;signed compare: left < lit(0xA=10), size=2, mask=ffff
                                           _00206_DS_:
0000bd   1283     bcf     0x03, 0x5        	BANKSEL	r0x1038
0000be   083b     movf    0x3b, 0x0        	MOVF	r0x1038,W
0000bf   3e80     addlw   0x80             	ADDLW	0x80
0000c0   3e80     addlw   0x80             	ADDLW	0x80
0000c1   1d03     btfss   0x03, 0x2        	BTFSS	STATUS,2
0000c2   28c5     goto    0x00c5           	GOTO	_00284_DS_
0000c3   300a     movlw   0x0a             	MOVLW	0x0a
0000c4   023a     subwf   0x3a, 0x0        	SUBWF	r0x1037,W
                                           _00284_DS_:
0000c5   1803     btfsc   0x03, 0x0        	BTFSC	STATUS,0
0000c6   28f6     goto    0x00f6           	GOTO	_00180_DS_
                                           ;;genSkipc:3307: created from rifx:0x7fff4d4f0ca0
                                           ;	.line	136; "bingo.c"	if (arreglo[i] == num_generado) {
0000c7   1283     bcf     0x03, 0x5        	BANKSEL	r0x1039
0000c8   083c     movf    0x3c, 0x0        	MOVF	r0x1039,W
0000c9   3e42     addlw   0x42             	ADDLW	(_main_arreglo_65537_18 + 0)
0000ca   00be     movwf   0x3e             	MOVWF	r0x103B
0000cb   3000     movlw   0x00             	MOVLW	high (_main_arreglo_65537_18 + 0)
0000cc   00bf     movwf   0x3f             	MOVWF	r0x103C
0000cd   083d     movf    0x3d, 0x0        	MOVF	r0x103A,W
0000ce   1803     btfsc   0x03, 0x0        	BTFSC	STATUS,0
0000cf   0f3d     incfsz  0x3d, 0x0        	INCFSZ	r0x103A,W
0000d0   07bf     addwf   0x3f, 0x1        	ADDWF	r0x103C,F
0000d1   083e     movf    0x3e, 0x0        	MOVF	r0x103B,W
0000d2   1283     bcf     0x03, 0x5        	BANKSEL	FSR
0000d3   0084     movwf   0x04             	MOVWF	FSR
0000d4   1383     bcf     0x03, 0x7        	BCF	STATUS,7
0000d5   1283     bcf     0x03, 0x5        	BANKSEL	r0x103C
0000d6   183f     btfsc   0x3f, 0x0        	BTFSC	r0x103C,0
0000d7   1783     bsf     0x03, 0x7        	BSF	STATUS,7
0000d8   1283     bcf     0x03, 0x5        	BANKSEL	INDF
0000d9   0800     movf    0x00, 0x0        	MOVF	INDF,W
0000da   1283     bcf     0x03, 0x5        	BANKSEL	r0x103D
0000db   00c0     movwf   0x40             	MOVWF	r0x103D
0000dc   1283     bcf     0x03, 0x5        	BANKSEL	FSR
0000dd   0a84     incf    0x04, 0x1        	INCF	FSR,F
0000de   0800     movf    0x00, 0x0        	MOVF	INDF,W
0000df   1283     bcf     0x03, 0x5        	BANKSEL	r0x103E
0000e0   00c1     movwf   0x41             	MOVWF	r0x103E
0000e1   0836     movf    0x36, 0x0        	MOVF	r0x1033,W
0000e2   0640     xorwf   0x40, 0x0        	XORWF	r0x103D,W
0000e3   1d03     btfss   0x03, 0x2        	BTFSS	STATUS,2
0000e4   28ed     goto    0x00ed           	GOTO	_00207_DS_
0000e5   0837     movf    0x37, 0x0        	MOVF	r0x1034,W
0000e6   0641     xorwf   0x41, 0x0        	XORWF	r0x103E,W
0000e7   1d03     btfss   0x03, 0x2        	BTFSS	STATUS,2
0000e8   28ed     goto    0x00ed           	GOTO	_00207_DS_
                                           ;	.line	137; "bingo.c"	duplicado = 1;
0000e9   3001     movlw   0x01             	MOVLW	0x01
0000ea   00b8     movwf   0x38             	MOVWF	r0x1035
0000eb   01b9     clrf    0x39             	CLRF	r0x1036
                                           ;	.line	138; "bingo.c"	break;
0000ec   28f6     goto    0x00f6           	GOTO	_00180_DS_
                                           _00207_DS_:
                                           ;	.line	135; "bingo.c"	for (int i = 0; i < 10; ++i) {
0000ed   3002     movlw   0x02             	MOVLW	0x02
0000ee   1283     bcf     0x03, 0x5        	BANKSEL	r0x1039
0000ef   07bc     addwf   0x3c, 0x1        	ADDWF	r0x1039,F
0000f0   1803     btfsc   0x03, 0x0        	BTFSC	STATUS,0
0000f1   0abd     incf    0x3d, 0x1        	INCF	r0x103A,F
0000f2   0aba     incf    0x3a, 0x1        	INCF	r0x1037,F
0000f3   1903     btfsc   0x03, 0x2        	BTFSC	STATUS,2
0000f4   0abb     incf    0x3b, 0x1        	INCF	r0x1038,F
0000f5   28bd     goto    0x00bd           	GOTO	_00206_DS_
                                           _00180_DS_:
                                           ;	.line	141; "bingo.c"	if (!duplicado) {
0000f6   1283     bcf     0x03, 0x5        	BANKSEL	r0x1036
0000f7   0839     movf    0x39, 0x0        	MOVF	r0x1036,W
0000f8   0438     iorwf   0x38, 0x0        	IORWF	r0x1035,W
0000f9   1d03     btfss   0x03, 0x2        	BTFSS	STATUS,2
0000fa   28a8     goto    0x00a8           	GOTO	_00183_DS_
                                           ;	.line	142; "bingo.c"	arreglo[indice] = num_generado;
0000fb   0834     movf    0x34, 0x0        	MOVF	r0x1031,W
0000fc   3e42     addlw   0x42             	ADDLW	(_main_arreglo_65537_18 + 0)
0000fd   00b8     movwf   0x38             	MOVWF	r0x1035
0000fe   3000     movlw   0x00             	MOVLW	high (_main_arreglo_65537_18 + 0)
0000ff   00b9     movwf   0x39             	MOVWF	r0x1036
000100   0835     movf    0x35, 0x0        	MOVF	r0x1032,W
000101   1803     btfsc   0x03, 0x0        	BTFSC	STATUS,0
000102   0f35     incfsz  0x35, 0x0        	INCFSZ	r0x1032,W
000103   07b9     addwf   0x39, 0x1        	ADDWF	r0x1036,F
000104   0838     movf    0x38, 0x0        	MOVF	r0x1035,W
000105   1283     bcf     0x03, 0x5        	BANKSEL	FSR
000106   0084     movwf   0x04             	MOVWF	FSR
000107   1383     bcf     0x03, 0x7        	BCF	STATUS,7
000108   1283     bcf     0x03, 0x5        	BANKSEL	r0x1036
000109   1839     btfsc   0x39, 0x0        	BTFSC	r0x1036,0
00010a   1783     bsf     0x03, 0x7        	BSF	STATUS,7
00010b   0836     movf    0x36, 0x0        	MOVF	r0x1033,W
00010c   1283     bcf     0x03, 0x5        	BANKSEL	INDF
00010d   0080     movwf   0x00             	MOVWF	INDF
00010e   0a84     incf    0x04, 0x1        	INCF	FSR,F
00010f   1283     bcf     0x03, 0x5        	BANKSEL	r0x1034
000110   0837     movf    0x37, 0x0        	MOVF	r0x1034,W
000111   1283     bcf     0x03, 0x5        	BANKSEL	INDF
000112   0080     movwf   0x00             	MOVWF	INDF
                                           ;	.line	143; "bingo.c"	indice++; // En este caso el numero no es duplicado, entonces se agrega
000113   3002     movlw   0x02             	MOVLW	0x02
000114   1283     bcf     0x03, 0x5        	BANKSEL	r0x1031
000115   07b4     addwf   0x34, 0x1        	ADDWF	r0x1031,F
000116   1803     btfsc   0x03, 0x0        	BTFSC	STATUS,0
000117   0ab5     incf    0x35, 0x1        	INCF	r0x1032,F
000118   0ab1     incf    0x31, 0x1        	INCF	r0x102E,F
000119   1903     btfsc   0x03, 0x2        	BTFSC	STATUS,2
00011a   0ab2     incf    0x32, 0x1        	INCF	r0x102F,F
00011b   28a8     goto    0x00a8           	GOTO	_00183_DS_
                                           _00185_DS_:
                                           ;	.line	146; "bingo.c"	int unidad = num_unidades(arreglo[0]);
00011c   1283     bcf     0x03, 0x5        	BANKSEL	_main_arreglo_65537_18
00011d   0842     movf    0x42, 0x0        	MOVF	(_main_arreglo_65537_18 + 0),W
00011e   1283     bcf     0x03, 0x5        	BANKSEL	r0x102E
00011f   00b1     movwf   0x31             	MOVWF	r0x102E
000120   1283     bcf     0x03, 0x5        	BANKSEL	_main_arreglo_65537_18
000121   0843     movf    0x43, 0x0        	MOVF	(_main_arreglo_65537_18 + 1),W
000122   1283     bcf     0x03, 0x5        	BANKSEL	r0x102F
000123   00b2     movwf   0x32             	MOVWF	r0x102F
000124   0831     movf    0x31, 0x0        	MOVF	r0x102E,W
000125   00ff     movwf   0x7f             	MOVWF	STK00
000126   0832     movf    0x32, 0x0        	MOVF	r0x102F,W
                                           	PAGESEL	_num_unidades
000127   24d0     call    0x04d0           	CALL	_num_unidades
                                           	PAGESEL	$
000128   1283     bcf     0x03, 0x5        	BANKSEL	r0x102F
000129   00b2     movwf   0x32             	MOVWF	r0x102F
00012a   087f     movf    0x7f, 0x0        	MOVF	STK00,W
00012b   00b1     movwf   0x31             	MOVWF	r0x102E
                                           ;	.line	147; "bingo.c"	int decena = num_decenas(arreglo[0]);
00012c   1283     bcf     0x03, 0x5        	BANKSEL	_main_arreglo_65537_18
00012d   0842     movf    0x42, 0x0        	MOVF	(_main_arreglo_65537_18 + 0),W
00012e   1283     bcf     0x03, 0x5        	BANKSEL	r0x1031
00012f   00b4     movwf   0x34             	MOVWF	r0x1031
000130   1283     bcf     0x03, 0x5        	BANKSEL	_main_arreglo_65537_18
000131   0843     movf    0x43, 0x0        	MOVF	(_main_arreglo_65537_18 + 1),W
000132   1283     bcf     0x03, 0x5        	BANKSEL	r0x1032
000133   00b5     movwf   0x35             	MOVWF	r0x1032
000134   0834     movf    0x34, 0x0        	MOVF	r0x1031,W
000135   00ff     movwf   0x7f             	MOVWF	STK00
000136   0835     movf    0x35, 0x0        	MOVF	r0x1032,W
                                           	PAGESEL	_num_decenas
000137   24bd     call    0x04bd           	CALL	_num_decenas
                                           	PAGESEL	$
000138   1283     bcf     0x03, 0x5        	BANKSEL	r0x1032
000139   00b5     movwf   0x35             	MOVWF	r0x1032
00013a   087f     movf    0x7f, 0x0        	MOVF	STK00,W
                                           ;	.line	150; "bingo.c"	b3d = (decena >> 3) & 1; // Bit 3 (MSB)
00013b   00b4     movwf   0x34             	MOVWF	r0x1031
00013c   3908     andlw   0x08             	ANDLW	0x08
00013d   1d03     btfss   0x03, 0x2        	BTFSS	STATUS,2
00013e   3001     movlw   0x01             	MOVLW	0x01
00013f   00b6     movwf   0x36             	MOVWF	r0x1033
000140   00ad     movwf   0x2d             	MOVWF	r0x102A
000141   01ae     clrf    0x2e             	CLRF	r0x102B
                                           ;	.line	151; "bingo.c"	b2d = (decena >> 2) & 1; // Bit 2
000142   0834     movf    0x34, 0x0        	MOVF	r0x1031,W
000143   3904     andlw   0x04             	ANDLW	0x04
000144   1d03     btfss   0x03, 0x2        	BTFSS	STATUS,2
000145   3001     movlw   0x01             	MOVLW	0x01
000146   1283     bcf     0x03, 0x5        	BANKSEL	_main_sloc0_1_0
000147   00d6     movwf   0x56             	MOVWF	_main_sloc0_1_0
                                           ;	.line	152; "bingo.c"	b1d = (decena >> 1) & 1; // Bit 1
000148   1283     bcf     0x03, 0x5        	BANKSEL	r0x1031
000149   0834     movf    0x34, 0x0        	MOVF	r0x1031,W
00014a   3902     andlw   0x02             	ANDLW	0x02
00014b   1d03     btfss   0x03, 0x2        	BTFSS	STATUS,2
00014c   3001     movlw   0x01             	MOVLW	0x01
00014d   1283     bcf     0x03, 0x5        	BANKSEL	_main_sloc1_1_0
00014e   00d7     movwf   0x57             	MOVWF	_main_sloc1_1_0
                                           ;	.line	153; "bingo.c"	b0d = decena & 1; // Bit 0 (LSB)
00014f   1283     bcf     0x03, 0x5        	BANKSEL	r0x1031
000150   0834     movf    0x34, 0x0        	MOVF	r0x1031,W
000151   1283     bcf     0x03, 0x5        	BANKSEL	_main_sloc2_1_0
000152   00d8     movwf   0x58             	MOVWF	_main_sloc2_1_0
                                           ;	.line	156; "bingo.c"	b3u = (unidad >> 3) & 1; // Bit 3 (MSB)
000153   1283     bcf     0x03, 0x5        	BANKSEL	r0x102E
000154   0831     movf    0x31, 0x0        	MOVF	r0x102E,W
000155   3908     andlw   0x08             	ANDLW	0x08
000156   1d03     btfss   0x03, 0x2        	BTFSS	STATUS,2
000157   3001     movlw   0x01             	MOVLW	0x01
000158   1283     bcf     0x03, 0x5        	BANKSEL	_main_sloc3_1_0
000159   00d9     movwf   0x59             	MOVWF	_main_sloc3_1_0
                                           ;	.line	157; "bingo.c"	b2u = (unidad >> 2) & 1; // Bit 2
00015a   1283     bcf     0x03, 0x5        	BANKSEL	r0x102E
00015b   0831     movf    0x31, 0x0        	MOVF	r0x102E,W
00015c   3904     andlw   0x04             	ANDLW	0x04
00015d   1d03     btfss   0x03, 0x2        	BTFSS	STATUS,2
00015e   3001     movlw   0x01             	MOVLW	0x01
00015f   1283     bcf     0x03, 0x5        	BANKSEL	_main_sloc4_1_0
000160   00da     movwf   0x5a             	MOVWF	_main_sloc4_1_0
                                           ;	.line	158; "bingo.c"	b1u = (unidad >> 1) & 1; // Bit 1
000161   1283     bcf     0x03, 0x5        	BANKSEL	r0x102E
000162   0831     movf    0x31, 0x0        	MOVF	r0x102E,W
000163   3902     andlw   0x02             	ANDLW	0x02
000164   1d03     btfss   0x03, 0x2        	BTFSS	STATUS,2
000165   3001     movlw   0x01             	MOVLW	0x01
000166   1283     bcf     0x03, 0x5        	BANKSEL	_main_sloc5_1_0
000167   00db     movwf   0x5b             	MOVWF	_main_sloc5_1_0
                                           ;	.line	159; "bingo.c"	b0u = unidad & 1; // Bit 0 (LSB)
000168   1283     bcf     0x03, 0x5        	BANKSEL	r0x102E
000169   0831     movf    0x31, 0x0        	MOVF	r0x102E,W
00016a   1283     bcf     0x03, 0x5        	BANKSEL	_main_sloc6_1_0
00016b   00dc     movwf   0x5c             	MOVWF	_main_sloc6_1_0
                                           _00190_DS_:
                                           ;	.line	163; "bingo.c"	if (sig_num == 1) {
00016c   1283     bcf     0x03, 0x5        	BANKSEL	r0x1030
00016d   0833     movf    0x33, 0x0        	MOVF	r0x1030,W
00016e   1903     btfsc   0x03, 0x2        	BTFSC	STATUS,2
00016f   2973     goto    0x0173           	GOTO	_00192_DS_
                                           ;	.line	164; "bingo.c"	j++;
000170   0aaf     incf    0x2f, 0x1        	INCF	r0x102C,F
000171   1903     btfsc   0x03, 0x2        	BTFSC	STATUS,2
000172   0ab0     incf    0x30, 0x1        	INCF	r0x102D,F
                                           _00192_DS_:
                                           ;	.line	167; "bingo.c"	GP5 = 1;
000173   1283     bcf     0x03, 0x5        	BANKSEL	_GPIObits
000174   1685     bsf     0x05, 0x5        	BSF	_GPIObits,5
                                           ;	.line	168; "bingo.c"	GP0 = b0u;
000175   1283     bcf     0x03, 0x5        	BANKSEL	_main_sloc6_1_0
000176   0c5c     rrf     0x5c, 0x0        	RRF	_main_sloc6_1_0,W
000177   1803     btfsc   0x03, 0x0        	BTFSC	STATUS,0
000178   297b     goto    0x017b           	GOTO	_00005_DS_
000179   1283     bcf     0x03, 0x5        	BANKSEL	_GPIObits
00017a   1005     bcf     0x05, 0x0        	BCF	_GPIObits,0
                                           _00005_DS_:
00017b   1c03     btfss   0x03, 0x0        	BTFSS	STATUS,0
00017c   297f     goto    0x017f           	GOTO	_00006_DS_
00017d   1283     bcf     0x03, 0x5        	BANKSEL	_GPIObits
00017e   1405     bsf     0x05, 0x0        	BSF	_GPIObits,0
                                           _00006_DS_:
                                           ;	.line	169; "bingo.c"	GP1 = b1u;
00017f   1283     bcf     0x03, 0x5        	BANKSEL	_main_sloc5_1_0
000180   0c5b     rrf     0x5b, 0x0        	RRF	_main_sloc5_1_0,W
000181   1803     btfsc   0x03, 0x0        	BTFSC	STATUS,0
000182   2985     goto    0x0185           	GOTO	_00007_DS_
000183   1283     bcf     0x03, 0x5        	BANKSEL	_GPIObits
000184   1085     bcf     0x05, 0x1        	BCF	_GPIObits,1
                                           _00007_DS_:
000185   1c03     btfss   0x03, 0x0        	BTFSS	STATUS,0
000186   2989     goto    0x0189           	GOTO	_00008_DS_
000187   1283     bcf     0x03, 0x5        	BANKSEL	_GPIObits
000188   1485     bsf     0x05, 0x1        	BSF	_GPIObits,1
                                           _00008_DS_:
                                           ;	.line	170; "bingo.c"	GP2 = b2u;
000189   1283     bcf     0x03, 0x5        	BANKSEL	_main_sloc4_1_0
00018a   0c5a     rrf     0x5a, 0x0        	RRF	_main_sloc4_1_0,W
00018b   1803     btfsc   0x03, 0x0        	BTFSC	STATUS,0
00018c   298f     goto    0x018f           	GOTO	_00009_DS_
00018d   1283     bcf     0x03, 0x5        	BANKSEL	_GPIObits
00018e   1105     bcf     0x05, 0x2        	BCF	_GPIObits,2
                                           _00009_DS_:
00018f   1c03     btfss   0x03, 0x0        	BTFSS	STATUS,0
000190   2993     goto    0x0193           	GOTO	_00010_DS_
000191   1283     bcf     0x03, 0x5        	BANKSEL	_GPIObits
000192   1505     bsf     0x05, 0x2        	BSF	_GPIObits,2
                                           _00010_DS_:
                                           ;	.line	171; "bingo.c"	GP4 = b3u;
000193   1283     bcf     0x03, 0x5        	BANKSEL	_main_sloc3_1_0
000194   0c59     rrf     0x59, 0x0        	RRF	_main_sloc3_1_0,W
000195   1803     btfsc   0x03, 0x0        	BTFSC	STATUS,0
000196   2999     goto    0x0199           	GOTO	_00011_DS_
000197   1283     bcf     0x03, 0x5        	BANKSEL	_GPIObits
000198   1205     bcf     0x05, 0x4        	BCF	_GPIObits,4
                                           _00011_DS_:
000199   1c03     btfss   0x03, 0x0        	BTFSS	STATUS,0
00019a   299d     goto    0x019d           	GOTO	_00012_DS_
00019b   1283     bcf     0x03, 0x5        	BANKSEL	_GPIObits
00019c   1605     bsf     0x05, 0x4        	BSF	_GPIObits,4
                                           _00012_DS_:
                                           ;	.line	172; "bingo.c"	delay(100);
00019d   3064     movlw   0x64             	MOVLW	0x64
00019e   00ff     movwf   0x7f             	MOVWF	STK00
00019f   3000     movlw   0x00             	MOVLW	0x00
                                           	PAGESEL	_delay
0001a0   247d     call    0x047d           	CALL	_delay
                                           	PAGESEL	$
                                           ;	.line	175; "bingo.c"	limpiar();
                                           	PAGESEL	_limpiar
0001a1   24f1     call    0x04f1           	CALL	_limpiar
                                           	PAGESEL	$
                                           ;	.line	178; "bingo.c"	GP5 = ~GP5; // Encender decenas
0001a2   1283     bcf     0x03, 0x5        	BANKSEL	r0x102E
0001a3   01b1     clrf    0x31             	CLRF	r0x102E
0001a4   1283     bcf     0x03, 0x5        	BANKSEL	_GPIObits
0001a5   1e85     btfss   0x05, 0x5        	BTFSS	_GPIObits,5
0001a6   29a9     goto    0x01a9           	GOTO	_00013_DS_
0001a7   1283     bcf     0x03, 0x5        	BANKSEL	r0x102E
0001a8   0ab1     incf    0x31, 0x1        	INCF	r0x102E,F
                                           _00013_DS_:
0001a9   1283     bcf     0x03, 0x5        	BANKSEL	r0x102E
0001aa   0931     comf    0x31, 0x0        	COMF	r0x102E,W
0001ab   00b1     movwf   0x31             	MOVWF	r0x102E
0001ac   0c31     rrf     0x31, 0x0        	RRF	r0x102E,W
0001ad   1803     btfsc   0x03, 0x0        	BTFSC	STATUS,0
0001ae   29b1     goto    0x01b1           	GOTO	_00014_DS_
0001af   1283     bcf     0x03, 0x5        	BANKSEL	_GPIObits
0001b0   1285     bcf     0x05, 0x5        	BCF	_GPIObits,5
                                           _00014_DS_:
0001b1   1c03     btfss   0x03, 0x0        	BTFSS	STATUS,0
0001b2   29b5     goto    0x01b5           	GOTO	_00015_DS_
0001b3   1283     bcf     0x03, 0x5        	BANKSEL	_GPIObits
0001b4   1685     bsf     0x05, 0x5        	BSF	_GPIObits,5
                                           _00015_DS_:
                                           ;	.line	179; "bingo.c"	GP0 = b0d;
0001b5   1283     bcf     0x03, 0x5        	BANKSEL	_main_sloc2_1_0
0001b6   0c58     rrf     0x58, 0x0        	RRF	_main_sloc2_1_0,W
0001b7   1803     btfsc   0x03, 0x0        	BTFSC	STATUS,0
0001b8   29bb     goto    0x01bb           	GOTO	_00016_DS_
0001b9   1283     bcf     0x03, 0x5        	BANKSEL	_GPIObits
0001ba   1005     bcf     0x05, 0x0        	BCF	_GPIObits,0
                                           _00016_DS_:
0001bb   1c03     btfss   0x03, 0x0        	BTFSS	STATUS,0
0001bc   29bf     goto    0x01bf           	GOTO	_00017_DS_
0001bd   1283     bcf     0x03, 0x5        	BANKSEL	_GPIObits
0001be   1405     bsf     0x05, 0x0        	BSF	_GPIObits,0
                                           _00017_DS_:
                                           ;	.line	180; "bingo.c"	GP1 = b1d;
0001bf   1283     bcf     0x03, 0x5        	BANKSEL	_main_sloc1_1_0
0001c0   0c57     rrf     0x57, 0x0        	RRF	_main_sloc1_1_0,W
0001c1   1803     btfsc   0x03, 0x0        	BTFSC	STATUS,0
0001c2   29c5     goto    0x01c5           	GOTO	_00018_DS_
0001c3   1283     bcf     0x03, 0x5        	BANKSEL	_GPIObits
0001c4   1085     bcf     0x05, 0x1        	BCF	_GPIObits,1
                                           _00018_DS_:
0001c5   1c03     btfss   0x03, 0x0        	BTFSS	STATUS,0
0001c6   29c9     goto    0x01c9           	GOTO	_00019_DS_
0001c7   1283     bcf     0x03, 0x5        	BANKSEL	_GPIObits
0001c8   1485     bsf     0x05, 0x1        	BSF	_GPIObits,1
                                           _00019_DS_:
                                           ;	.line	181; "bingo.c"	GP2 = b2d;
0001c9   1283     bcf     0x03, 0x5        	BANKSEL	_main_sloc0_1_0
0001ca   0c56     rrf     0x56, 0x0        	RRF	_main_sloc0_1_0,W
0001cb   1803     btfsc   0x03, 0x0        	BTFSC	STATUS,0
0001cc   29cf     goto    0x01cf           	GOTO	_00020_DS_
0001cd   1283     bcf     0x03, 0x5        	BANKSEL	_GPIObits
0001ce   1105     bcf     0x05, 0x2        	BCF	_GPIObits,2
                                           _00020_DS_:
0001cf   1c03     btfss   0x03, 0x0        	BTFSS	STATUS,0
0001d0   29d3     goto    0x01d3           	GOTO	_00021_DS_
0001d1   1283     bcf     0x03, 0x5        	BANKSEL	_GPIObits
0001d2   1505     bsf     0x05, 0x2        	BSF	_GPIObits,2
                                           _00021_DS_:
                                           ;	.line	182; "bingo.c"	GP4 = b3d;
0001d3   1283     bcf     0x03, 0x5        	BANKSEL	r0x102A
0001d4   082d     movf    0x2d, 0x0        	MOVF	r0x102A,W
0001d5   00b1     movwf   0x31             	MOVWF	r0x102E
0001d6   0c31     rrf     0x31, 0x0        	RRF	r0x102E,W
0001d7   1803     btfsc   0x03, 0x0        	BTFSC	STATUS,0
0001d8   29db     goto    0x01db           	GOTO	_00022_DS_
0001d9   1283     bcf     0x03, 0x5        	BANKSEL	_GPIObits
0001da   1205     bcf     0x05, 0x4        	BCF	_GPIObits,4
                                           _00022_DS_:
0001db   1c03     btfss   0x03, 0x0        	BTFSS	STATUS,0
0001dc   29df     goto    0x01df           	GOTO	_00023_DS_
0001dd   1283     bcf     0x03, 0x5        	BANKSEL	_GPIObits
0001de   1605     bsf     0x05, 0x4        	BSF	_GPIObits,4
                                           _00023_DS_:
                                           ;	.line	183; "bingo.c"	delay(100);
0001df   3064     movlw   0x64             	MOVLW	0x64
0001e0   00ff     movwf   0x7f             	MOVWF	STK00
0001e1   3000     movlw   0x00             	MOVLW	0x00
                                           	PAGESEL	_delay
0001e2   247d     call    0x047d           	CALL	_delay
                                           	PAGESEL	$
                                           ;	.line	186; "bingo.c"	limpiar();
                                           	PAGESEL	_limpiar
0001e3   24f1     call    0x04f1           	CALL	_limpiar
                                           	PAGESEL	$
                                           ;;signed compare: left < lit(0xA=10), size=2, mask=ffff
                                           ;	.line	188; "bingo.c"	if (j >= 10) {
0001e4   1283     bcf     0x03, 0x5        	BANKSEL	r0x102D
0001e5   0830     movf    0x30, 0x0        	MOVF	r0x102D,W
0001e6   3e80     addlw   0x80             	ADDLW	0x80
0001e7   3e80     addlw   0x80             	ADDLW	0x80
0001e8   1d03     btfss   0x03, 0x2        	BTFSS	STATUS,2
0001e9   29ec     goto    0x01ec           	GOTO	_00285_DS_
0001ea   300a     movlw   0x0a             	MOVLW	0x0a
0001eb   022f     subwf   0x2f, 0x0        	SUBWF	r0x102C,W
                                           _00285_DS_:
0001ec   1c03     btfss   0x03, 0x0        	BTFSS	STATUS,0
0001ed   2815     goto    0x0015           	GOTO	_00200_DS_
                                           ;;genSkipc:3307: created from rifx:0x7fff4d4f0ca0
                                           ;	.line	189; "bingo.c"	inicio = final(inicio);
0001ee   1283     bcf     0x03, 0x5        	BANKSEL	r0x1028
0001ef   082b     movf    0x2b, 0x0        	MOVF	r0x1028,W
0001f0   00ff     movwf   0x7f             	MOVWF	STK00
0001f1   082c     movf    0x2c, 0x0        	MOVF	r0x1029,W
                                           	PAGESEL	_final
0001f2   22fc     call    0x02fc           	CALL	_final
                                           	PAGESEL	$
0001f3   1283     bcf     0x03, 0x5        	BANKSEL	r0x1029
0001f4   00ac     movwf   0x2c             	MOVWF	r0x1029
0001f5   087f     movf    0x7f, 0x0        	MOVF	STK00,W
0001f6   00ab     movwf   0x2b             	MOVWF	r0x1028
                                           ;	.line	190; "bingo.c"	limpiar();
                                           	PAGESEL	_limpiar
0001f7   24f1     call    0x04f1           	CALL	_limpiar
                                           	PAGESEL	$
0001f8   2815     goto    0x0015           	GOTO	_00200_DS_
                                           ;	.line	194; "bingo.c"	}
0001f9   0008     return                   	RETURN	
                                           ; exit point of _main
                                           
                                           ;***
                                           ;  pBlock Stats: dbName = C
                                           ;***
                                           ;has an exit
                                           ;functions called:
                                           ;   _limpiar
                                           ;   _delay
                                           ;   _delay
                                           ;   _limpiar
                                           ;   _delay
                                           ;   _delay
                                           ;   _limpiar
                                           ;   _delay
                                           ;   _delay
                                           ;   _limpiar
                                           ;   _delay
                                           ;   _delay
                                           ;4 compiler assigned registers:
                                           ;   r0x1025
                                           ;   r0x1026
                                           ;   STK00
                                           ;   r0x1027
                                           ;; Starting pCode block
                                           S_bingo__final	code
                                           _final:
                                           ; 2 exit points
                                           ;	.line	46; "bingo.c"	for (q = 0; q < 3; ++q) {
0002fc   1283     bcf     0x03, 0x5        	BANKSEL	r0x1025
0002fd   01a8     clrf    0x28             	CLRF	r0x1025
0002fe   01a9     clrf    0x29             	CLRF	r0x1026
                                           _00154_DS_:
                                           ;	.line	47; "bingo.c"	limpiar();
                                           	PAGESEL	_limpiar
0002ff   24f1     call    0x04f1           	CALL	_limpiar
                                           	PAGESEL	$
                                           ;	.line	49; "bingo.c"	GP5 = 0x00; // Se prende en bajo
000300   1283     bcf     0x03, 0x5        	BANKSEL	_GPIObits
000301   1285     bcf     0x05, 0x5        	BCF	_GPIObits,5
                                           ;	.line	50; "bingo.c"	GP0 = 1;
000302   1405     bsf     0x05, 0x0        	BSF	_GPIObits,0
                                           ;	.line	51; "bingo.c"	GP1 = 0;
000303   1085     bcf     0x05, 0x1        	BCF	_GPIObits,1
                                           ;	.line	52; "bingo.c"	GP2 = 0;
000304   1105     bcf     0x05, 0x2        	BCF	_GPIObits,2
                                           ;	.line	53; "bingo.c"	GP4 = 1;
000305   1605     bsf     0x05, 0x4        	BSF	_GPIObits,4
                                           ;	.line	54; "bingo.c"	delay(100);
000306   3064     movlw   0x64             	MOVLW	0x64
000307   00ff     movwf   0x7f             	MOVWF	STK00
000308   3000     movlw   0x00             	MOVLW	0x00
                                           	PAGESEL	_delay
000309   247d     call    0x047d           	CALL	_delay
                                           	PAGESEL	$
                                           ;	.line	57; "bingo.c"	GP5 = ~GP5; // Encender decenas
00030a   1283     bcf     0x03, 0x5        	BANKSEL	r0x1027
00030b   01aa     clrf    0x2a             	CLRF	r0x1027
00030c   1283     bcf     0x03, 0x5        	BANKSEL	_GPIObits
00030d   1e85     btfss   0x05, 0x5        	BTFSS	_GPIObits,5
00030e   2b11     goto    0x0311           	GOTO	_00024_DS_
00030f   1283     bcf     0x03, 0x5        	BANKSEL	r0x1027
000310   0aaa     incf    0x2a, 0x1        	INCF	r0x1027,F
                                           _00024_DS_:
000311   1283     bcf     0x03, 0x5        	BANKSEL	r0x1027
000312   092a     comf    0x2a, 0x0        	COMF	r0x1027,W
000313   00aa     movwf   0x2a             	MOVWF	r0x1027
000314   0c2a     rrf     0x2a, 0x0        	RRF	r0x1027,W
000315   1803     btfsc   0x03, 0x0        	BTFSC	STATUS,0
000316   2b19     goto    0x0319           	GOTO	_00025_DS_
000317   1283     bcf     0x03, 0x5        	BANKSEL	_GPIObits
000318   1285     bcf     0x05, 0x5        	BCF	_GPIObits,5
                                           _00025_DS_:
000319   1c03     btfss   0x03, 0x0        	BTFSS	STATUS,0
00031a   2b1d     goto    0x031d           	GOTO	_00026_DS_
00031b   1283     bcf     0x03, 0x5        	BANKSEL	_GPIObits
00031c   1685     bsf     0x05, 0x5        	BSF	_GPIObits,5
                                           _00026_DS_:
                                           ;	.line	58; "bingo.c"	delay(100);
00031d   3064     movlw   0x64             	MOVLW	0x64
00031e   00ff     movwf   0x7f             	MOVWF	STK00
00031f   3000     movlw   0x00             	MOVLW	0x00
                                           	PAGESEL	_delay
000320   247d     call    0x047d           	CALL	_delay
                                           	PAGESEL	$
                                           ;	.line	60; "bingo.c"	limpiar();
                                           	PAGESEL	_limpiar
000321   24f1     call    0x04f1           	CALL	_limpiar
                                           	PAGESEL	$
                                           ;	.line	62; "bingo.c"	GP5 = ~GP5; // Encender decenas
000322   1283     bcf     0x03, 0x5        	BANKSEL	r0x1027
000323   01aa     clrf    0x2a             	CLRF	r0x1027
000324   1283     bcf     0x03, 0x5        	BANKSEL	_GPIObits
000325   1e85     btfss   0x05, 0x5        	BTFSS	_GPIObits,5
000326   2b29     goto    0x0329           	GOTO	_00027_DS_
000327   1283     bcf     0x03, 0x5        	BANKSEL	r0x1027
000328   0aaa     incf    0x2a, 0x1        	INCF	r0x1027,F
                                           _00027_DS_:
000329   1283     bcf     0x03, 0x5        	BANKSEL	r0x1027
00032a   092a     comf    0x2a, 0x0        	COMF	r0x1027,W
00032b   00aa     movwf   0x2a             	MOVWF	r0x1027
00032c   0c2a     rrf     0x2a, 0x0        	RRF	r0x1027,W
00032d   1803     btfsc   0x03, 0x0        	BTFSC	STATUS,0
00032e   2b31     goto    0x0331           	GOTO	_00028_DS_
00032f   1283     bcf     0x03, 0x5        	BANKSEL	_GPIObits
000330   1285     bcf     0x05, 0x5        	BCF	_GPIObits,5
                                           _00028_DS_:
000331   1c03     btfss   0x03, 0x0        	BTFSS	STATUS,0
000332   2b35     goto    0x0335           	GOTO	_00029_DS_
000333   1283     bcf     0x03, 0x5        	BANKSEL	_GPIObits
000334   1685     bsf     0x05, 0x5        	BSF	_GPIObits,5
                                           _00029_DS_:
                                           ;	.line	63; "bingo.c"	delay(100);
000335   3064     movlw   0x64             	MOVLW	0x64
000336   00ff     movwf   0x7f             	MOVWF	STK00
000337   3000     movlw   0x00             	MOVLW	0x00
                                           	PAGESEL	_delay
000338   247d     call    0x047d           	CALL	_delay
                                           	PAGESEL	$
                                           ;	.line	66; "bingo.c"	GP5 = ~GP5; // Encender decenas
000339   1283     bcf     0x03, 0x5        	BANKSEL	r0x1027
00033a   01aa     clrf    0x2a             	CLRF	r0x1027
00033b   1283     bcf     0x03, 0x5        	BANKSEL	_GPIObits
00033c   1e85     btfss   0x05, 0x5        	BTFSS	_GPIObits,5
00033d   2b40     goto    0x0340           	GOTO	_00030_DS_
00033e   1283     bcf     0x03, 0x5        	BANKSEL	r0x1027
00033f   0aaa     incf    0x2a, 0x1        	INCF	r0x1027,F
                                           _00030_DS_:
000340   1283     bcf     0x03, 0x5        	BANKSEL	r0x1027
000341   092a     comf    0x2a, 0x0        	COMF	r0x1027,W
000342   00aa     movwf   0x2a             	MOVWF	r0x1027
000343   0c2a     rrf     0x2a, 0x0        	RRF	r0x1027,W
000344   1803     btfsc   0x03, 0x0        	BTFSC	STATUS,0
000345   2b48     goto    0x0348           	GOTO	_00031_DS_
000346   1283     bcf     0x03, 0x5        	BANKSEL	_GPIObits
000347   1285     bcf     0x05, 0x5        	BCF	_GPIObits,5
                                           _00031_DS_:
000348   1c03     btfss   0x03, 0x0        	BTFSS	STATUS,0
000349   2b4c     goto    0x034c           	GOTO	_00032_DS_
00034a   1283     bcf     0x03, 0x5        	BANKSEL	_GPIObits
00034b   1685     bsf     0x05, 0x5        	BSF	_GPIObits,5
                                           _00032_DS_:
                                           ;	.line	67; "bingo.c"	delay(100);
00034c   3064     movlw   0x64             	MOVLW	0x64
00034d   00ff     movwf   0x7f             	MOVWF	STK00
00034e   3000     movlw   0x00             	MOVLW	0x00
                                           	PAGESEL	_delay
00034f   247d     call    0x047d           	CALL	_delay
                                           	PAGESEL	$
                                           ;	.line	46; "bingo.c"	for (q = 0; q < 3; ++q) {
000350   1283     bcf     0x03, 0x5        	BANKSEL	r0x1025
000351   0aa8     incf    0x28, 0x1        	INCF	r0x1025,F
000352   1903     btfsc   0x03, 0x2        	BTFSC	STATUS,2
000353   0aa9     incf    0x29, 0x1        	INCF	r0x1026,F
                                           ;;signed compare: left < lit(0x3=3), size=2, mask=ffff
000354   0829     movf    0x29, 0x0        	MOVF	r0x1026,W
000355   3e80     addlw   0x80             	ADDLW	0x80
000356   3e80     addlw   0x80             	ADDLW	0x80
000357   1d03     btfss   0x03, 0x2        	BTFSS	STATUS,2
000358   2b5b     goto    0x035b           	GOTO	_00167_DS_
000359   3003     movlw   0x03             	MOVLW	0x03
00035a   0228     subwf   0x28, 0x0        	SUBWF	r0x1025,W
                                           _00167_DS_:
00035b   1c03     btfss   0x03, 0x0        	BTFSS	STATUS,0
00035c   2aff     goto    0x02ff           	GOTO	_00154_DS_
                                           ;;genSkipc:3307: created from rifx:0x7fff4d4f0ca0
                                           ;	.line	71; "bingo.c"	return inicio;
00035d   3000     movlw   0x00             	MOVLW	0x00
00035e   00ff     movwf   0x7f             	MOVWF	STK00
00035f   3000     movlw   0x00             	MOVLW	0x00
                                           ;	.line	72; "bingo.c"	}
000360   0008     return                   	RETURN	
                                           ; exit point of _final
                                           
                                           ;***
                                           ;  pBlock Stats: dbName = C
                                           ;***
                                           ;has an exit
                                           ;; Starting pCode block
                                           S_bingo__limpiar	code
                                           _limpiar:
                                           ; 2 exit points
                                           ;	.line	37; "bingo.c"	GP0 = 0x00;
0004f1   1283     bcf     0x03, 0x5        	BANKSEL	_GPIObits
0004f2   1005     bcf     0x05, 0x0        	BCF	_GPIObits,0
                                           ;	.line	38; "bingo.c"	GP1 = 0x00;
0004f3   1085     bcf     0x05, 0x1        	BCF	_GPIObits,1
                                           ;	.line	39; "bingo.c"	GP2 = 0x00;
0004f4   1105     bcf     0x05, 0x2        	BCF	_GPIObits,2
                                           ;	.line	40; "bingo.c"	GP4 = 0x00;
0004f5   1205     bcf     0x05, 0x4        	BCF	_GPIObits,4
                                           ;	.line	41; "bingo.c"	}
0004f6   0008     return                   	RETURN	
                                           ; exit point of _limpiar
                                           
                                           ;***
                                           ;  pBlock Stats: dbName = C
                                           ;***
                                           ;has an exit
                                           ;functions called:
                                           ;   __moduint
                                           ;   __moduint
                                           ;5 compiler assigned registers:
                                           ;   STK02
                                           ;   STK01
                                           ;   STK00
                                           ;   r0x101D
                                           ;   r0x101E
                                           ;; Starting pCode block
                                           S_bingo__generateRandomNumber	code
                                           _generateRandomNumber:
                                           ; 2 exit points
                                           ;	.line	29; "bingo.c"	counter += 0xDEADBEEF;
0004a8   30ef     movlw   0xef             	MOVLW	0xef
0004a9   1683     bsf     0x03, 0x5        	BANKSEL	_counter
0004aa   07b7     addwf   0x37, 0x1        	ADDWF	_counter,F
0004ab   30be     movlw   0xbe             	MOVLW	0xbe
0004ac   1803     btfsc   0x03, 0x0        	BTFSC	STATUS,0
0004ad   30bf     movlw   0xbf             	MOVLW	0xbf
0004ae   07b8     addwf   0x38, 0x1        	ADDWF	(_counter + 1),F
                                           ;	.line	30; "bingo.c"	unsigned int random = (counter % 100); // Limitacion del rango entre 0 y 99
0004af   3064     movlw   0x64             	MOVLW	0x64
0004b0   00fd     movwf   0x7d             	MOVWF	STK02
0004b1   3000     movlw   0x00             	MOVLW	0x00
0004b2   00fe     movwf   0x7e             	MOVWF	STK01
0004b3   0837     movf    0x37, 0x0        	MOVF	_counter,W
0004b4   00ff     movwf   0x7f             	MOVWF	STK00
0004b5   0838     movf    0x38, 0x0        	MOVF	(_counter + 1),W
                                           	PAGESEL	__moduint
0004b6   23c2     call    0x03c2           	CALL	__moduint
                                           	PAGESEL	$
0004b7   1283     bcf     0x03, 0x5        	BANKSEL	r0x101D
0004b8   00a1     movwf   0x21             	MOVWF	r0x101D
0004b9   087f     movf    0x7f, 0x0        	MOVF	STK00,W
                                           ;;1	MOVWF	r0x101E
                                           ;	.line	31; "bingo.c"	return random;
0004ba   00ff     movwf   0x7f             	MOVWF	STK00
0004bb   0821     movf    0x21, 0x0        	MOVF	r0x101D,W
                                           ;	.line	32; "bingo.c"	}
0004bc   0008     return                   	RETURN	
                                           ; exit point of _generateRandomNumber
                                           
                                           ;***
                                           ;  pBlock Stats: dbName = C
                                           ;***
                                           ;has an exit
                                           ;functions called:
                                           ;   __divsint
                                           ;   __divsint
                                           ;5 compiler assigned registers:
                                           ;   r0x101D
                                           ;   STK00
                                           ;   r0x101E
                                           ;   STK02
                                           ;   STK01
                                           ;; Starting pCode block
                                           S_bingo__num_decenas	code
                                           _num_decenas:
                                           ; 2 exit points
                                           ;	.line	22; "bingo.c"	int num_decenas(int num) {
0004bd   1283     bcf     0x03, 0x5        	BANKSEL	r0x101D
0004be   00a1     movwf   0x21             	MOVWF	r0x101D
0004bf   087f     movf    0x7f, 0x0        	MOVF	STK00,W
0004c0   00a0     movwf   0x20             	MOVWF	r0x101E
                                           ;	.line	23; "bingo.c"	int decenas = num / 10;
0004c1   300a     movlw   0x0a             	MOVLW	0x0a
0004c2   00fd     movwf   0x7d             	MOVWF	STK02
0004c3   3000     movlw   0x00             	MOVLW	0x00
0004c4   00fe     movwf   0x7e             	MOVWF	STK01
0004c5   0820     movf    0x20, 0x0        	MOVF	r0x101E,W
0004c6   00ff     movwf   0x7f             	MOVWF	STK00
0004c7   0821     movf    0x21, 0x0        	MOVF	r0x101D,W
                                           	PAGESEL	__divsint
0004c8   2296     call    0x0296           	CALL	__divsint
                                           	PAGESEL	$
0004c9   1283     bcf     0x03, 0x5        	BANKSEL	r0x101D
0004ca   00a1     movwf   0x21             	MOVWF	r0x101D
0004cb   087f     movf    0x7f, 0x0        	MOVF	STK00,W
                                           ;	.line	24; "bingo.c"	return decenas;
0004cc   00a0     movwf   0x20             	MOVWF	r0x101E
0004cd   00ff     movwf   0x7f             	MOVWF	STK00
0004ce   0821     movf    0x21, 0x0        	MOVF	r0x101D,W
                                           ;	.line	25; "bingo.c"	}
0004cf   0008     return                   	RETURN	
                                           ; exit point of _num_decenas
                                           
                                           ;***
                                           ;  pBlock Stats: dbName = C
                                           ;***
                                           ;has an exit
                                           ;functions called:
                                           ;   __modsint
                                           ;   __modsint
                                           ;5 compiler assigned registers:
                                           ;   r0x101D
                                           ;   STK00
                                           ;   r0x101E
                                           ;   STK02
                                           ;   STK01
                                           ;; Starting pCode block
                                           S_bingo__num_unidades	code
                                           _num_unidades:
                                           ; 2 exit points
                                           ;	.line	16; "bingo.c"	int num_unidades(int num) {
0004d0   1283     bcf     0x03, 0x5        	BANKSEL	r0x101D
0004d1   00a1     movwf   0x21             	MOVWF	r0x101D
0004d2   087f     movf    0x7f, 0x0        	MOVF	STK00,W
0004d3   00a0     movwf   0x20             	MOVWF	r0x101E
                                           ;	.line	17; "bingo.c"	int unidades = num % 10;
0004d4   300a     movlw   0x0a             	MOVLW	0x0a
0004d5   00fd     movwf   0x7d             	MOVWF	STK02
0004d6   3000     movlw   0x00             	MOVLW	0x00
0004d7   00fe     movwf   0x7e             	MOVWF	STK01
0004d8   0820     movf    0x20, 0x0        	MOVF	r0x101E,W
0004d9   00ff     movwf   0x7f             	MOVWF	STK00
0004da   0821     movf    0x21, 0x0        	MOVF	r0x101D,W
                                           	PAGESEL	__modsint
0004db   2361     call    0x0361           	CALL	__modsint
                                           	PAGESEL	$
0004dc   1283     bcf     0x03, 0x5        	BANKSEL	r0x101D
0004dd   00a1     movwf   0x21             	MOVWF	r0x101D
0004de   087f     movf    0x7f, 0x0        	MOVF	STK00,W
                                           ;	.line	18; "bingo.c"	return unidades;
0004df   00a0     movwf   0x20             	MOVWF	r0x101E
0004e0   00ff     movwf   0x7f             	MOVWF	STK00
0004e1   0821     movf    0x21, 0x0        	MOVF	r0x101D,W
                                           ;	.line	19; "bingo.c"	}
0004e2   0008     return                   	RETURN	
                                           ; exit point of _num_unidades
                                           
                                           ;***
                                           ;  pBlock Stats: dbName = C
                                           ;***
                                           ;has an exit
                                           ;9 compiler assigned registers:
                                           ;   r0x101D
                                           ;   STK00
                                           ;   r0x101E
                                           ;   r0x101F
                                           ;   r0x1020
                                           ;   r0x1021
                                           ;   r0x1022
                                           ;   r0x1023
                                           ;   r0x1024
                                           ;; Starting pCode block
                                           S_bingo__delay	code
                                           _delay:
                                           ; 2 exit points
                                           ;	.line	7; "bingo.c"	void delay(unsigned int tiempo) {
00047d   1283     bcf     0x03, 0x5        	BANKSEL	r0x101D
00047e   00a1     movwf   0x21             	MOVWF	r0x101D
00047f   087f     movf    0x7f, 0x0        	MOVF	STK00,W
000480   00a0     movwf   0x20             	MOVWF	r0x101E
                                           ;	.line	11; "bingo.c"	for(m=0;m<tiempo;m++)
000481   01a2     clrf    0x22             	CLRF	r0x101F
000482   01a3     clrf    0x23             	CLRF	r0x1020
                                           _00111_DS_:
000483   1283     bcf     0x03, 0x5        	BANKSEL	r0x101D
000484   0821     movf    0x21, 0x0        	MOVF	r0x101D,W
000485   0223     subwf   0x23, 0x0        	SUBWF	r0x1020,W
000486   1d03     btfss   0x03, 0x2        	BTFSS	STATUS,2
000487   2c8a     goto    0x048a           	GOTO	_00132_DS_
000488   0820     movf    0x20, 0x0        	MOVF	r0x101E,W
000489   0222     subwf   0x22, 0x0        	SUBWF	r0x101F,W
                                           _00132_DS_:
00048a   1803     btfsc   0x03, 0x0        	BTFSC	STATUS,0
00048b   2ca7     goto    0x04a7           	GOTO	_00113_DS_
                                           ;;genSkipc:3307: created from rifx:0x7fff4d4f0ca0
                                           ;	.line	12; "bingo.c"	for(n=0;n<1275;n++);
00048c   30fb     movlw   0xfb             	MOVLW	0xfb
00048d   1283     bcf     0x03, 0x5        	BANKSEL	r0x1021
00048e   00a4     movwf   0x24             	MOVWF	r0x1021
00048f   3004     movlw   0x04             	MOVLW	0x04
000490   00a5     movwf   0x25             	MOVWF	r0x1022
                                           _00109_DS_:
000491   30ff     movlw   0xff             	MOVLW	0xff
000492   1283     bcf     0x03, 0x5        	BANKSEL	r0x1021
000493   0724     addwf   0x24, 0x0        	ADDWF	r0x1021,W
000494   00a6     movwf   0x26             	MOVWF	r0x1023
000495   30ff     movlw   0xff             	MOVLW	0xff
000496   00a7     movwf   0x27             	MOVWF	r0x1024
000497   0825     movf    0x25, 0x0        	MOVF	r0x1022,W
000498   1803     btfsc   0x03, 0x0        	BTFSC	STATUS,0
000499   0f25     incfsz  0x25, 0x0        	INCFSZ	r0x1022,W
00049a   07a7     addwf   0x27, 0x1        	ADDWF	r0x1024,F
00049b   0826     movf    0x26, 0x0        	MOVF	r0x1023,W
00049c   00a4     movwf   0x24             	MOVWF	r0x1021
00049d   0827     movf    0x27, 0x0        	MOVF	r0x1024,W
00049e   00a5     movwf   0x25             	MOVWF	r0x1022
00049f   0827     movf    0x27, 0x0        	MOVF	r0x1024,W
0004a0   0426     iorwf   0x26, 0x0        	IORWF	r0x1023,W
0004a1   1d03     btfss   0x03, 0x2        	BTFSS	STATUS,2
0004a2   2c91     goto    0x0491           	GOTO	_00109_DS_
                                           ;	.line	11; "bingo.c"	for(m=0;m<tiempo;m++)
0004a3   0aa2     incf    0x22, 0x1        	INCF	r0x101F,F
0004a4   1903     btfsc   0x03, 0x2        	BTFSC	STATUS,2
0004a5   0aa3     incf    0x23, 0x1        	INCF	r0x1020,F
0004a6   2c83     goto    0x0483           	GOTO	_00111_DS_
                                           _00113_DS_:
                                           ;	.line	13; "bingo.c"	}
0004a7   0008     return                   	RETURN	
                                           ; exit point of _delay
                                           
                                           
                                           ;	code size estimation:
                                           ;	  575+  180 =   755 instructions ( 1870 byte)
                                           
                                           	end
